Archive member included to satisfy reference by file (symbol)

/Users/Andy/Coding/workspace/stm32f429i-disco_hal_lib/Debug/libstm32f429i-disco_hal_lib.a(stm32f4xx_hal.o)
                              src/main.o (HAL_Init)
/Users/Andy/Coding/workspace/stm32f429i-disco_hal_lib/Debug/libstm32f429i-disco_hal_lib.a(stm32f4xx_hal_cortex.o)
                              /Users/Andy/Coding/workspace/stm32f429i-disco_hal_lib/Debug/libstm32f429i-disco_hal_lib.a(stm32f4xx_hal.o) (HAL_NVIC_SetPriorityGrouping)
/Users/Andy/Coding/workspace/stm32f429i-disco_hal_lib/Debug/libstm32f429i-disco_hal_lib.a(stm32f4xx_hal_gpio.o)
                              src/stm32f4xx_hal_msp.o (HAL_GPIO_Init)
/Users/Andy/Coding/workspace/stm32f429i-disco_hal_lib/Debug/libstm32f429i-disco_hal_lib.a(stm32f4xx_hal_ltdc.o)
                              src/main.o (HAL_LTDC_Init)
/Users/Andy/Coding/workspace/stm32f429i-disco_hal_lib/Debug/libstm32f429i-disco_hal_lib.a(stm32f4xx_hal_pwr_ex.o)
                              src/main.o (HAL_PWREx_EnableOverDrive)
/Users/Andy/Coding/workspace/stm32f429i-disco_hal_lib/Debug/libstm32f429i-disco_hal_lib.a(stm32f4xx_hal_rcc.o)
                              src/main.o (HAL_RCC_OscConfig)
/Users/Andy/Coding/workspace/stm32f429i-disco_hal_lib/Debug/libstm32f429i-disco_hal_lib.a(stm32f4xx_hal_rcc_ex.o)
                              src/main.o (HAL_RCCEx_PeriphCLKConfig)
/Users/Andy/Coding/workspace/stm32f429i-disco_hal_lib/Debug/libstm32f429i-disco_hal_lib.a(ili9341.o)
                              src/main.o (ili9341_Init)
/Users/Andy/Coding/workspace/stm32f429i-disco_hal_lib/Debug/libstm32f429i-disco_hal_lib.a(stm32f429i_discovery.o)
                              src/main.o (BSP_LED_Init)
/Users/Andy/Coding/workspace/stm32f429i-disco_hal_lib/Debug/libstm32f429i-disco_hal_lib.a(stm32f4xx_hal_i2c.o)
                              /Users/Andy/Coding/workspace/stm32f429i-disco_hal_lib/Debug/libstm32f429i-disco_hal_lib.a(stm32f429i_discovery.o) (HAL_I2C_Init)
/Users/Andy/Coding/workspace/stm32f429i-disco_hal_lib/Debug/libstm32f429i-disco_hal_lib.a(stm32f4xx_hal_spi.o)
                              /Users/Andy/Coding/workspace/stm32f429i-disco_hal_lib/Debug/libstm32f429i-disco_hal_lib.a(stm32f429i_discovery.o) (HAL_SPI_Init)
/Users/Andy/Coding/workspace/stm32f429i-disco_hal_lib/Debug/libstm32f429i-disco_hal_lib.a(stm32f4xx_hal_dma.o)
                              /Users/Andy/Coding/workspace/stm32f429i-disco_hal_lib/Debug/libstm32f429i-disco_hal_lib.a(stm32f4xx_hal_i2c.o) (HAL_DMA_Start_IT)
/Applications/Ac6/SystemWorkbench.app/Contents/Eclipse/plugins/fr.ac6.mcu.externaltools.arm-none.macos64_1.6.0.201601291255/tools/compiler/bin/../lib/gcc/arm-none-eabi/5.2.1/../../../../arm-none-eabi/lib/armv7e-m/fpu/libc.a(lib_a-errno.o)
                              src/syscalls.o (__errno)
/Applications/Ac6/SystemWorkbench.app/Contents/Eclipse/plugins/fr.ac6.mcu.externaltools.arm-none.macos64_1.6.0.201601291255/tools/compiler/bin/../lib/gcc/arm-none-eabi/5.2.1/../../../../arm-none-eabi/lib/armv7e-m/fpu/libc.a(lib_a-exit.o)
                              /Applications/Ac6/SystemWorkbench.app/Contents/Eclipse/plugins/fr.ac6.mcu.externaltools.arm-none.macos64_1.6.0.201601291255/tools/compiler/bin/../lib/gcc/arm-none-eabi/5.2.1/../../../../arm-none-eabi/lib/armv7e-m/fpu/crt0.o (exit)
/Applications/Ac6/SystemWorkbench.app/Contents/Eclipse/plugins/fr.ac6.mcu.externaltools.arm-none.macos64_1.6.0.201601291255/tools/compiler/bin/../lib/gcc/arm-none-eabi/5.2.1/../../../../arm-none-eabi/lib/armv7e-m/fpu/libc.a(lib_a-impure.o)
                              /Applications/Ac6/SystemWorkbench.app/Contents/Eclipse/plugins/fr.ac6.mcu.externaltools.arm-none.macos64_1.6.0.201601291255/tools/compiler/bin/../lib/gcc/arm-none-eabi/5.2.1/../../../../arm-none-eabi/lib/armv7e-m/fpu/libc.a(lib_a-exit.o) (_global_impure_ptr)
/Applications/Ac6/SystemWorkbench.app/Contents/Eclipse/plugins/fr.ac6.mcu.externaltools.arm-none.macos64_1.6.0.201601291255/tools/compiler/bin/../lib/gcc/arm-none-eabi/5.2.1/../../../../arm-none-eabi/lib/armv7e-m/fpu/libc.a(lib_a-init.o)
                              /Applications/Ac6/SystemWorkbench.app/Contents/Eclipse/plugins/fr.ac6.mcu.externaltools.arm-none.macos64_1.6.0.201601291255/tools/compiler/bin/../lib/gcc/arm-none-eabi/5.2.1/../../../../arm-none-eabi/lib/armv7e-m/fpu/crt0.o (__libc_init_array)
/Applications/Ac6/SystemWorkbench.app/Contents/Eclipse/plugins/fr.ac6.mcu.externaltools.arm-none.macos64_1.6.0.201601291255/tools/compiler/bin/../lib/gcc/arm-none-eabi/5.2.1/../../../../arm-none-eabi/lib/armv7e-m/fpu/libc.a(lib_a-memset.o)
                              /Applications/Ac6/SystemWorkbench.app/Contents/Eclipse/plugins/fr.ac6.mcu.externaltools.arm-none.macos64_1.6.0.201601291255/tools/compiler/bin/../lib/gcc/arm-none-eabi/5.2.1/../../../../arm-none-eabi/lib/armv7e-m/fpu/crt0.o (memset)
[...]
Memory Configuration

Name             Origin             Length             Attributes
FLASH            0x0000000008000000 0x0000000000200000 xr
RAM              0x0000000020000000 0x0000000000030000 xrw
CCMRAM           0x0000000010000000 0x0000000000010000 rw
*default*        0x0000000000000000 0xffffffffffffffff

Linker script and memory map

LOAD /Applications/Ac6/SystemWorkbench.app/Contents/Eclipse/plugins/fr.ac6.mcu.externaltools.arm-none.macos64_1.6.0.201601291255/tools/compiler/bin/../lib/gcc/arm-none-eabi/5.2.1/armv7e-m/fpu/crti.o
LOAD /Applications/Ac6/SystemWorkbench.app/Contents/Eclipse/plugins/fr.ac6.mcu.externaltools.arm-none.macos64_1.6.0.201601291255/tools/compiler/bin/../lib/gcc/arm-none-eabi/5.2.1/armv7e-m/fpu/crtbegin.o
LOAD /Applications/Ac6/SystemWorkbench.app/Contents/Eclipse/plugins/fr.ac6.mcu.externaltools.arm-none.macos64_1.6.0.201601291255/tools/compiler/bin/../lib/gcc/arm-none-eabi/5.2.1/../../../../arm-none-eabi/lib/armv7e-m/fpu/crt0.o
LOAD /Applications/Ac6/SystemWorkbench.app/Contents/Eclipse/plugins/fr.ac6.mcu.externaltools.arm-none.macos64_1.6.0.201601291255/tools/compiler/bin/../lib/gcc/arm-none-eabi/5.2.1/../../../../arm-none-eabi/lib/armv7e-m/fpu/libm.a
LOAD src/main.o
LOAD src/stm32f4xx_hal_msp.o
LOAD src/stm32f4xx_it.o
LOAD src/syscalls.o
LOAD src/system_stm32f4xx.o
LOAD startup/startup_stm32f429xx.o
LOAD /Users/Andy/Coding/workspace/stm32f429i-disco_hal_lib/Debug/libstm32f429i-disco_hal_lib.a
START GROUP
LOAD /Applications/Ac6/SystemWorkbench.app/Contents/Eclipse/plugins/fr.ac6.mcu.externaltools.arm-none.macos64_1.6.0.201601291255/tools/compiler/bin/../lib/gcc/arm-none-eabi/5.2.1/armv7e-m/fpu/libgcc.a
LOAD /Applications/Ac6/SystemWorkbench.app/Contents/Eclipse/plugins/fr.ac6.mcu.externaltools.arm-none.macos64_1.6.0.201601291255/tools/compiler/bin/../lib/gcc/arm-none-eabi/5.2.1/../../../../arm-none-eabi/lib/armv7e-m/fpu/libc.a
END GROUP
LOAD /Applications/Ac6/SystemWorkbench.app/Contents/Eclipse/plugins/fr.ac6.mcu.externaltools.arm-none.macos64_1.6.0.201601291255/tools/compiler/bin/../lib/gcc/arm-none-eabi/5.2.1/armv7e-m/fpu/crtend.o
LOAD /Applications/Ac6/SystemWorkbench.app/Contents/Eclipse/plugins/fr.ac6.mcu.externaltools.arm-none.macos64_1.6.0.201601291255/tools/compiler/bin/../lib/gcc/arm-none-eabi/5.2.1/armv7e-m/fpu/crtn.o
                0x0000000020030000                _estack = 0x20030000
                0x0000000000000200                _Min_Heap_Size = 0x200
                0x0000000000000400                _Min_Stack_Size = 0x400

.isr_vector     0x0000000008000000      0x1ac
                0x0000000008000000                . = ALIGN (0x4)
 *(.isr_vector)
 .isr_vector    0x0000000008000000      0x1ac startup/startup_stm32f429xx.o
                0x0000000008000000                g_pfnVectors
                0x00000000080001ac                . = ALIGN (0x4)

.text           0x00000000080001ac     0x2e0c
                0x00000000080001ac                . = ALIGN (0x4)
 *(.text)
 .text          0x00000000080001ac       0xa4 /Applications/Ac6/SystemWorkbench.app/Contents/Eclipse/plugins/fr.ac6.mcu.externaltools.arm-none.macos64_1.6.0.201601291255/tools/compiler/bin/../lib/gcc/arm-none-eabi/5.2.1/armv7e-m/fpu/crtbegin.o
 *(.text*)
 .text.main     0x0000000008000250       0xb4 src/main.o
                0x0000000008000250                main
 .text.PicturesPosition
                0x0000000008000304       0x34 src/main.o
 .text.HAL_LTDC_LineEventCallback
                0x0000000008000338       0x48 src/main.o
                0x0000000008000338                HAL_LTDC_LineEventCallback
 .text.LCD_Config
                0x0000000008000380       0xf8 src/main.o
 .text.SystemClock_Config
                0x0000000008000478       0xc0 src/main.o
 .text.Error_Handler
                0x0000000008000538        0xc src/main.o
 .text.HAL_LTDC_MspInit
                0x0000000008000544      0x1a0 src/stm32f4xx_hal_msp.o
                0x0000000008000544                HAL_LTDC_MspInit
 .text.NMI_Handler
                0x00000000080006e4       0x10 src/stm32f4xx_it.o
                0x00000000080006e4                NMI_Handler
 .text.HardFault_Handler
                0x00000000080006f4        0x8 src/stm32f4xx_it.o
                0x00000000080006f4                HardFault_Handler
 .text.MemManage_Handler
                0x00000000080006fc        0x8 src/stm32f4xx_it.o
                0x00000000080006fc                MemManage_Handler
 .text.BusFault_Handler
                0x0000000008000704        0x8 src/stm32f4xx_it.o
                0x0000000008000704                BusFault_Handler
 .text.UsageFault_Handler
                0x000000000800070c        0x8 src/stm32f4xx_it.o
                0x000000000800070c                UsageFault_Handler
 .text.SVC_Handler
                0x0000000008000714       0x10 src/stm32f4xx_it.o
                0x0000000008000714                SVC_Handler
 .text.DebugMon_Handler
                0x0000000008000724       0x10 src/stm32f4xx_it.o
                0x0000000008000724                DebugMon_Handler
 .text.PendSV_Handler
                0x0000000008000734       0x10 src/stm32f4xx_it.o
                0x0000000008000734                PendSV_Handler
 .text.SysTick_Handler
                0x0000000008000744        0xc src/stm32f4xx_it.o
                0x0000000008000744                SysTick_Handler
 .text.LTDC_IRQHandler
                0x0000000008000750       0x14 src/stm32f4xx_it.o
                0x0000000008000750                LTDC_IRQHandler
 .text.SystemInit
                0x0000000008000764       0x6c src/system_stm32f4xx.o
                0x0000000008000764                SystemInit
 .text.Reset_Handler
                0x00000000080007d0       0x50 startup/startup_stm32f429xx.o
                0x00000000080007d0                Reset_Handler
 .text.Default_Handler
                0x0000000008000820        0x2 startup/startup_stm32f429xx.o
                0x0000000008000820                DMA1_Stream3_IRQHandler
                0x0000000008000820                HASH_RNG_IRQHandler
                0x0000000008000820                EXTI2_IRQHandler
                0x0000000008000820                TIM8_CC_IRQHandler
                0x0000000008000820                UART8_IRQHandler
                0x0000000008000820                SPI4_IRQHandler
                0x0000000008000820                TIM1_CC_IRQHandler
                0x0000000008000820                DMA2_Stream5_IRQHandler
                0x0000000008000820                DMA1_Stream5_IRQHandler
                0x0000000008000820                PVD_IRQHandler
                0x0000000008000820                SDIO_IRQHandler
                0x0000000008000820                TAMP_STAMP_IRQHandler
                0x0000000008000820                CAN2_RX1_IRQHandler
                0x0000000008000820                EXTI3_IRQHandler
                0x0000000008000820                TIM8_TRG_COM_TIM14_IRQHandler
                0x0000000008000820                TIM1_UP_TIM10_IRQHandler
                0x0000000008000820                TIM8_UP_TIM13_IRQHandler
                0x0000000008000820                I2C3_ER_IRQHandler
                0x0000000008000820                EXTI0_IRQHandler
                0x0000000008000820                I2C2_EV_IRQHandler
                0x0000000008000820                DMA1_Stream2_IRQHandler
                0x0000000008000820                CAN1_RX0_IRQHandler
                0x0000000008000820                FPU_IRQHandler
                0x0000000008000820                OTG_HS_WKUP_IRQHandler
                0x0000000008000820                LTDC_ER_IRQHandler
                0x0000000008000820                CAN2_SCE_IRQHandler
                0x0000000008000820                DMA2_Stream2_IRQHandler
                0x0000000008000820                SPI1_IRQHandler
                0x0000000008000820                TIM6_DAC_IRQHandler
                0x0000000008000820                TIM1_BRK_TIM9_IRQHandler
                0x0000000008000820                DCMI_IRQHandler
                0x0000000008000820                CAN2_RX0_IRQHandler
                0x0000000008000820                DMA2_Stream3_IRQHandler
                0x0000000008000820                USART6_IRQHandler
                0x0000000008000820                USART3_IRQHandler
                0x0000000008000820                CAN1_RX1_IRQHandler
                0x0000000008000820                UART5_IRQHandler
                0x0000000008000820                DMA2_Stream0_IRQHandler
                0x0000000008000820                TIM4_IRQHandler
                0x0000000008000820                I2C1_EV_IRQHandler
                0x0000000008000820                DMA1_Stream6_IRQHandler
                0x0000000008000820                DMA1_Stream1_IRQHandler
                0x0000000008000820                UART4_IRQHandler
                0x0000000008000820                TIM3_IRQHandler
                0x0000000008000820                RCC_IRQHandler
                0x0000000008000820                TIM8_BRK_TIM12_IRQHandler
                0x0000000008000820                Default_Handler
                0x0000000008000820                EXTI15_10_IRQHandler
                0x0000000008000820                ADC_IRQHandler
                0x0000000008000820                DMA1_Stream7_IRQHandler
                0x0000000008000820                SPI5_IRQHandler
                0x0000000008000820                TIM7_IRQHandler
                0x0000000008000820                CAN2_TX_IRQHandler
                0x0000000008000820                TIM5_IRQHandler
                0x0000000008000820                DMA2_Stream7_IRQHandler
                0x0000000008000820                I2C3_EV_IRQHandler
                0x0000000008000820                EXTI9_5_IRQHandler
                0x0000000008000820                RTC_WKUP_IRQHandler
                0x0000000008000820                ETH_WKUP_IRQHandler
                0x0000000008000820                SPI2_IRQHandler
                0x0000000008000820                OTG_HS_EP1_IN_IRQHandler
                0x0000000008000820                DMA1_Stream0_IRQHandler
                0x0000000008000820                CAN1_TX_IRQHandler
                0x0000000008000820                EXTI4_IRQHandler
                0x0000000008000820                ETH_IRQHandler
                0x0000000008000820                OTG_HS_EP1_OUT_IRQHandler
                0x0000000008000820                WWDG_IRQHandler
                0x0000000008000820                SPI6_IRQHandler
                0x0000000008000820                TIM2_IRQHandler
                0x0000000008000820                OTG_FS_WKUP_IRQHandler
                0x0000000008000820                TIM1_TRG_COM_TIM11_IRQHandler
                0x0000000008000820                OTG_HS_IRQHandler
                0x0000000008000820                DMA2D_IRQHandler
                0x0000000008000820                EXTI1_IRQHandler
                0x0000000008000820                UART7_IRQHandler
                0x0000000008000820                USART2_IRQHandler
                0x0000000008000820                I2C2_ER_IRQHandler
                0x0000000008000820                DMA2_Stream1_IRQHandler
                0x0000000008000820                CAN1_SCE_IRQHandler
                0x0000000008000820                FLASH_IRQHandler
                0x0000000008000820                DMA2_Stream4_IRQHandler
                0x0000000008000820                USART1_IRQHandler
                0x0000000008000820                OTG_FS_IRQHandler
                0x0000000008000820                SPI3_IRQHandler
                0x0000000008000820                DMA1_Stream4_IRQHandler
                0x0000000008000820                I2C1_ER_IRQHandler
                0x0000000008000820                FMC_IRQHandler
                0x0000000008000820                DMA2_Stream6_IRQHandler
                0x0000000008000820                SAI1_IRQHandler
                0x0000000008000820                RTC_Alarm_IRQHandler
 *fill*         0x0000000008000822        0x2 
 .text.HAL_Init
                0x0000000008000824       0x44 /Users/Andy/Coding/workspace/stm32f429i-disco_hal_lib/Debug/libstm32f429i-disco_hal_lib.a(stm32f4xx_hal.o)
                0x0000000008000824                HAL_Init
 .text.HAL_MspInit
                0x0000000008000868       0x10 /Users/Andy/Coding/workspace/stm32f429i-disco_hal_lib/Debug/libstm32f429i-disco_hal_lib.a(stm32f4xx_hal.o)
                0x0000000008000868                HAL_MspInit
 .text.HAL_InitTick
                0x0000000008000878       0x38 /Users/Andy/Coding/workspace/stm32f429i-disco_hal_lib/Debug/libstm32f429i-disco_hal_lib.a(stm32f4xx_hal.o)
                0x0000000008000878                HAL_InitTick
 .text.HAL_IncTick
                0x00000000080008b0       0x1c /Users/Andy/Coding/workspace/stm32f429i-disco_hal_lib/Debug/libstm32f429i-disco_hal_lib.a(stm32f4xx_hal.o)
                0x00000000080008b0                HAL_IncTick
 .text.HAL_GetTick
                0x00000000080008cc       0x18 /Users/Andy/Coding/workspace/stm32f429i-disco_hal_lib/Debug/libstm32f429i-disco_hal_lib.a(stm32f4xx_hal.o)
                0x00000000080008cc                HAL_GetTick
 .text.HAL_Delay
                0x00000000080008e4       0x2c /Users/Andy/Coding/workspace/stm32f429i-disco_hal_lib/Debug/libstm32f429i-disco_hal_lib.a(stm32f4xx_hal.o)
                0x00000000080008e4                HAL_Delay
 .text.NVIC_SetPriorityGrouping
                0x0000000008000910       0x48 /Users/Andy/Coding/workspace/stm32f429i-disco_hal_lib/Debug/libstm32f429i-disco_hal_lib.a(stm32f4xx_hal_cortex.o)
 .text.NVIC_GetPriorityGrouping
                0x0000000008000958       0x1c /Users/Andy/Coding/workspace/stm32f429i-disco_hal_lib/Debug/libstm32f429i-disco_hal_lib.a(stm32f4xx_hal_cortex.o)
 .text.NVIC_EnableIRQ
                0x0000000008000974       0x34 /Users/Andy/Coding/workspace/stm32f429i-disco_hal_lib/Debug/libstm32f429i-disco_hal_lib.a(stm32f4xx_hal_cortex.o)
 .text.NVIC_SetPriority
                0x00000000080009a8       0x54 /Users/Andy/Coding/workspace/stm32f429i-disco_hal_lib/Debug/libstm32f429i-disco_hal_lib.a(stm32f4xx_hal_cortex.o)
 .text.NVIC_EncodePriority
                0x00000000080009fc       0x64 /Users/Andy/Coding/workspace/stm32f429i-disco_hal_lib/Debug/libstm32f429i-disco_hal_lib.a(stm32f4xx_hal_cortex.o)
 .text.SysTick_Config
                0x0000000008000a60       0x44 /Users/Andy/Coding/workspace/stm32f429i-disco_hal_lib/Debug/libstm32f429i-disco_hal_lib.a(stm32f4xx_hal_cortex.o)
 .text.HAL_NVIC_SetPriorityGrouping
                0x0000000008000aa4       0x18 /Users/Andy/Coding/workspace/stm32f429i-disco_hal_lib/Debug/libstm32f429i-disco_hal_lib.a(stm32f4xx_hal_cortex.o)
                0x0000000008000aa4                HAL_NVIC_SetPriorityGrouping
 .text.HAL_NVIC_SetPriority
                0x0000000008000abc       0x38 /Users/Andy/Coding/workspace/stm32f429i-disco_hal_lib/Debug/libstm32f429i-disco_hal_lib.a(stm32f4xx_hal_cortex.o)
                0x0000000008000abc                HAL_NVIC_SetPriority
 .text.HAL_NVIC_EnableIRQ
                0x0000000008000af4       0x1c /Users/Andy/Coding/workspace/stm32f429i-disco_hal_lib/Debug/libstm32f429i-disco_hal_lib.a(stm32f4xx_hal_cortex.o)
                0x0000000008000af4                HAL_NVIC_EnableIRQ
 .text.HAL_SYSTICK_Config
                0x0000000008000b10       0x18 /Users/Andy/Coding/workspace/stm32f429i-disco_hal_lib/Debug/libstm32f429i-disco_hal_lib.a(stm32f4xx_hal_cortex.o)
                0x0000000008000b10                HAL_SYSTICK_Config
 .text.HAL_GPIO_Init
                0x0000000008000b28      0x354 /Users/Andy/Coding/workspace/stm32f429i-disco_hal_lib/Debug/libstm32f429i-disco_hal_lib.a(stm32f4xx_hal_gpio.o)
                0x0000000008000b28                HAL_GPIO_Init
 .text.HAL_GPIO_ReadPin
                0x0000000008000e7c       0x30 /Users/Andy/Coding/workspace/stm32f429i-disco_hal_lib/Debug/libstm32f429i-disco_hal_lib.a(stm32f4xx_hal_gpio.o)
                0x0000000008000e7c                HAL_GPIO_ReadPin
 .text.HAL_GPIO_WritePin
                0x0000000008000eac       0x34 /Users/Andy/Coding/workspace/stm32f429i-disco_hal_lib/Debug/libstm32f429i-disco_hal_lib.a(stm32f4xx_hal_gpio.o)
                0x0000000008000eac                HAL_GPIO_WritePin
 .text.HAL_LTDC_Init
                0x0000000008000ee0      0x1b8 /Users/Andy/Coding/workspace/stm32f429i-disco_hal_lib/Debug/libstm32f429i-disco_hal_lib.a(stm32f4xx_hal_ltdc.o)
                0x0000000008000ee0                HAL_LTDC_Init
 .text.HAL_LTDC_IRQHandler
                0x0000000008001098      0x110 /Users/Andy/Coding/workspace/stm32f429i-disco_hal_lib/Debug/libstm32f429i-disco_hal_lib.a(stm32f4xx_hal_ltdc.o)
                0x0000000008001098                HAL_LTDC_IRQHandler
 .text.HAL_LTDC_ErrorCallback
                0x00000000080011a8       0x14 /Users/Andy/Coding/workspace/stm32f429i-disco_hal_lib/Debug/libstm32f429i-disco_hal_lib.a(stm32f4xx_hal_ltdc.o)
                0x00000000080011a8                HAL_LTDC_ErrorCallback
 .text.HAL_LTDC_ConfigLayer
                0x00000000080011bc       0x7c /Users/Andy/Coding/workspace/stm32f429i-disco_hal_lib/Debug/libstm32f429i-disco_hal_lib.a(stm32f4xx_hal_ltdc.o)
                0x00000000080011bc                HAL_LTDC_ConfigLayer
 .text.HAL_LTDC_SetWindowPosition
                0x0000000008001238       0x8c /Users/Andy/Coding/workspace/stm32f429i-disco_hal_lib/Debug/libstm32f429i-disco_hal_lib.a(stm32f4xx_hal_ltdc.o)
                0x0000000008001238                HAL_LTDC_SetWindowPosition
 .text.HAL_LTDC_ProgramLineEvent
                0x00000000080012c4       0x60 /Users/Andy/Coding/workspace/stm32f429i-disco_hal_lib/Debug/libstm32f429i-disco_hal_lib.a(stm32f4xx_hal_ltdc.o)
                0x00000000080012c4                HAL_LTDC_ProgramLineEvent
 .text.LTDC_SetConfig
                0x0000000008001324      0x354 /Users/Andy/Coding/workspace/stm32f429i-disco_hal_lib/Debug/libstm32f429i-disco_hal_lib.a(stm32f4xx_hal_ltdc.o)
 .text.HAL_PWREx_EnableOverDrive
                0x0000000008001678       0xd0 /Users/Andy/Coding/workspace/stm32f429i-disco_hal_lib/Debug/libstm32f429i-disco_hal_lib.a(stm32f4xx_hal_pwr_ex.o)
                0x0000000008001678                HAL_PWREx_EnableOverDrive
 .text.HAL_RCC_OscConfig
                0x0000000008001748      0x424 /Users/Andy/Coding/workspace/stm32f429i-disco_hal_lib/Debug/libstm32f429i-disco_hal_lib.a(stm32f4xx_hal_rcc.o)
                0x0000000008001748                HAL_RCC_OscConfig
 .text.HAL_RCC_ClockConfig
                0x0000000008001b6c      0x1e4 /Users/Andy/Coding/workspace/stm32f429i-disco_hal_lib/Debug/libstm32f429i-disco_hal_lib.a(stm32f4xx_hal_rcc.o)
                0x0000000008001b6c                HAL_RCC_ClockConfig
 .text.HAL_RCC_GetSysClockFreq
                0x0000000008001d50       0xfc /Users/Andy/Coding/workspace/stm32f429i-disco_hal_lib/Debug/libstm32f429i-disco_hal_lib.a(stm32f4xx_hal_rcc.o)
                0x0000000008001d50                HAL_RCC_GetSysClockFreq
 .text.HAL_RCC_GetHCLKFreq
                0x0000000008001e4c       0x50 /Users/Andy/Coding/workspace/stm32f429i-disco_hal_lib/Debug/libstm32f429i-disco_hal_lib.a(stm32f4xx_hal_rcc.o)
                0x0000000008001e4c                HAL_RCC_GetHCLKFreq
 .text.HAL_RCCEx_PeriphCLKConfig
                0x0000000008001e9c      0x424 /Users/Andy/Coding/workspace/stm32f429i-disco_hal_lib/Debug/libstm32f429i-disco_hal_lib.a(stm32f4xx_hal_rcc_ex.o)
                0x0000000008001e9c                HAL_RCCEx_PeriphCLKConfig
 .text.ili9341_Init
                0x00000000080022c0      0x294 /Users/Andy/Coding/workspace/stm32f429i-disco_hal_lib/Debug/libstm32f429i-disco_hal_lib.a(ili9341.o)
                0x00000000080022c0                ili9341_Init
 .text.ili9341_WriteReg
                0x0000000008002554       0x1c /Users/Andy/Coding/workspace/stm32f429i-disco_hal_lib/Debug/libstm32f429i-disco_hal_lib.a(ili9341.o)
                0x0000000008002554                ili9341_WriteReg
 .text.ili9341_WriteData
                0x0000000008002570       0x1c /Users/Andy/Coding/workspace/stm32f429i-disco_hal_lib/Debug/libstm32f429i-disco_hal_lib.a(ili9341.o)
                0x0000000008002570                ili9341_WriteData
 .text.BSP_LED_Init
                0x000000000800258c       0xa8 /Users/Andy/Coding/workspace/stm32f429i-disco_hal_lib/Debug/libstm32f429i-disco_hal_lib.a(stm32f429i_discovery.o)
                0x000000000800258c                BSP_LED_Init
 .text.BSP_LED_On
                0x0000000008002634       0x34 /Users/Andy/Coding/workspace/stm32f429i-disco_hal_lib/Debug/libstm32f429i-disco_hal_lib.a(stm32f429i_discovery.o)
                0x0000000008002634                BSP_LED_On
 .text.BSP_PB_Init
                0x0000000008002668       0xb4 /Users/Andy/Coding/workspace/stm32f429i-disco_hal_lib/Debug/libstm32f429i-disco_hal_lib.a(stm32f429i_discovery.o)
                0x0000000008002668                BSP_PB_Init
 .text.BSP_PB_GetState
                0x000000000800271c       0x2c /Users/Andy/Coding/workspace/stm32f429i-disco_hal_lib/Debug/libstm32f429i-disco_hal_lib.a(stm32f429i_discovery.o)
                0x000000000800271c                BSP_PB_GetState
 .text.SPIx_Init
                0x0000000008002748       0x74 /Users/Andy/Coding/workspace/stm32f429i-disco_hal_lib/Debug/libstm32f429i-disco_hal_lib.a(stm32f429i_discovery.o)
 .text.SPIx_Write
                0x00000000080027bc       0x3c /Users/Andy/Coding/workspace/stm32f429i-disco_hal_lib/Debug/libstm32f429i-disco_hal_lib.a(stm32f429i_discovery.o)
 .text.SPIx_Error
                0x00000000080027f8       0x18 /Users/Andy/Coding/workspace/stm32f429i-disco_hal_lib/Debug/libstm32f429i-disco_hal_lib.a(stm32f429i_discovery.o)
 .text.SPIx_MspInit
                0x0000000008002810       0x74 /Users/Andy/Coding/workspace/stm32f429i-disco_hal_lib/Debug/libstm32f429i-disco_hal_lib.a(stm32f429i_discovery.o)
 .text.LCD_IO_Init
                0x0000000008002884       0xf0 /Users/Andy/Coding/workspace/stm32f429i-disco_hal_lib/Debug/libstm32f429i-disco_hal_lib.a(stm32f429i_discovery.o)
                0x0000000008002884                LCD_IO_Init
 .text.LCD_IO_WriteData
                0x0000000008002974       0x44 /Users/Andy/Coding/workspace/stm32f429i-disco_hal_lib/Debug/libstm32f429i-disco_hal_lib.a(stm32f429i_discovery.o)
                0x0000000008002974                LCD_IO_WriteData
 .text.LCD_IO_WriteReg
                0x00000000080029b8       0x44 /Users/Andy/Coding/workspace/stm32f429i-disco_hal_lib/Debug/libstm32f429i-disco_hal_lib.a(stm32f429i_discovery.o)
                0x00000000080029b8                LCD_IO_WriteReg
 .text.LCD_Delay
                0x00000000080029fc       0x18 /Users/Andy/Coding/workspace/stm32f429i-disco_hal_lib/Debug/libstm32f429i-disco_hal_lib.a(stm32f429i_discovery.o)
                0x00000000080029fc                LCD_Delay
 .text.HAL_SPI_Init
                0x0000000008002a14       0xc8 /Users/Andy/Coding/workspace/stm32f429i-disco_hal_lib/Debug/libstm32f429i-disco_hal_lib.a(stm32f4xx_hal_spi.o)
                0x0000000008002a14                HAL_SPI_Init
 .text.HAL_SPI_DeInit
                0x0000000008002adc       0x50 /Users/Andy/Coding/workspace/stm32f429i-disco_hal_lib/Debug/libstm32f429i-disco_hal_lib.a(stm32f4xx_hal_spi.o)
                0x0000000008002adc                HAL_SPI_DeInit
 .text.HAL_SPI_MspInit
                0x0000000008002b2c       0x14 /Users/Andy/Coding/workspace/stm32f429i-disco_hal_lib/Debug/libstm32f429i-disco_hal_lib.a(stm32f4xx_hal_spi.o)
                0x0000000008002b2c                HAL_SPI_MspInit
 .text.HAL_SPI_MspDeInit
                0x0000000008002b40       0x14 /Users/Andy/Coding/workspace/stm32f429i-disco_hal_lib/Debug/libstm32f429i-disco_hal_lib.a(stm32f4xx_hal_spi.o)
                0x0000000008002b40                HAL_SPI_MspDeInit
 .text.HAL_SPI_Transmit
                0x0000000008002b54      0x1f0 /Users/Andy/Coding/workspace/stm32f429i-disco_hal_lib/Debug/libstm32f429i-disco_hal_lib.a(stm32f4xx_hal_spi.o)
                0x0000000008002b54                HAL_SPI_Transmit
 .text.HAL_SPI_GetState
                0x0000000008002d44       0x1c /Users/Andy/Coding/workspace/stm32f429i-disco_hal_lib/Debug/libstm32f429i-disco_hal_lib.a(stm32f4xx_hal_spi.o)
                0x0000000008002d44                HAL_SPI_GetState
 .text.SPI_WaitFlagStateUntilTimeout
                0x0000000008002d60       0xc8 /Users/Andy/Coding/workspace/stm32f429i-disco_hal_lib/Debug/libstm32f429i-disco_hal_lib.a(stm32f4xx_hal_spi.o)
 .text.SPI_CheckFlag_BSY
                0x0000000008002e28       0x3c /Users/Andy/Coding/workspace/stm32f429i-disco_hal_lib/Debug/libstm32f429i-disco_hal_lib.a(stm32f4xx_hal_spi.o)
 .text.__libc_init_array
                0x0000000008002e64       0x50 /Applications/Ac6/SystemWorkbench.app/Contents/Eclipse/plugins/fr.ac6.mcu.externaltools.arm-none.macos64_1.6.0.201601291255/tools/compiler/bin/../lib/gcc/arm-none-eabi/5.2.1/../../../../arm-none-eabi/lib/armv7e-m/fpu/libc.a(lib_a-init.o)
                0x0000000008002e64                __libc_init_array
 .text.startup.register_fini
                0x0000000008002eb4       0x14 /Applications/Ac6/SystemWorkbench.app/Contents/Eclipse/plugins/fr.ac6.mcu.externaltools.arm-none.macos64_1.6.0.201601291255/tools/compiler/bin/../lib/gcc/arm-none-eabi/5.2.1/../../../../arm-none-eabi/lib/armv7e-m/fpu/libc.a(lib_a-__call_atexit.o)
 .text.atexit   0x0000000008002ec8        0xc /Applications/Ac6/SystemWorkbench.app/Contents/Eclipse/plugins/fr.ac6.mcu.externaltools.arm-none.macos64_1.6.0.201601291255/tools/compiler/bin/../lib/gcc/arm-none-eabi/5.2.1/../../../../arm-none-eabi/lib/armv7e-m/fpu/libc.a(lib_a-atexit.o)
                0x0000000008002ec8                atexit
 .text.__libc_fini_array
                0x0000000008002ed4       0x28 /Applications/Ac6/SystemWorkbench.app/Contents/Eclipse/plugins/fr.ac6.mcu.externaltools.arm-none.macos64_1.6.0.201601291255/tools/compiler/bin/../lib/gcc/arm-none-eabi/5.2.1/../../../../arm-none-eabi/lib/armv7e-m/fpu/libc.a(lib_a-fini.o)
                0x0000000008002ed4                __libc_fini_array
 .text.__register_exitproc
                0x0000000008002efc       0xa4 /Applications/Ac6/SystemWorkbench.app/Contents/Eclipse/plugins/fr.ac6.mcu.externaltools.arm-none.macos64_1.6.0.201601291255/tools/compiler/bin/../lib/gcc/arm-none-eabi/5.2.1/../../../../arm-none-eabi/lib/armv7e-m/fpu/libc.a(lib_a-__atexit.o)
                0x0000000008002efc                __register_exitproc
 *(.glue_7)
 .glue_7        0x0000000008002fa0        0x0 linker stubs
 *(.glue_7t)
 .glue_7t       0x0000000008002fa0        0x0 linker stubs
 *(.eh_frame)
 .eh_frame      0x0000000008002fa0        0x0 /Applications/Ac6/SystemWorkbench.app/Contents/Eclipse/plugins/fr.ac6.mcu.externaltools.arm-none.macos64_1.6.0.201601291255/tools/compiler/bin/../lib/gcc/arm-none-eabi/5.2.1/armv7e-m/fpu/crtbegin.o
 *(.init)
 .init          0x0000000008002fa0        0x4 /Applications/Ac6/SystemWorkbench.app/Contents/Eclipse/plugins/fr.ac6.mcu.externaltools.arm-none.macos64_1.6.0.201601291255/tools/compiler/bin/../lib/gcc/arm-none-eabi/5.2.1/armv7e-m/fpu/crti.o
                0x0000000008002fa0                _init
 .init          0x0000000008002fa4        0x8 /Applications/Ac6/SystemWorkbench.app/Contents/Eclipse/plugins/fr.ac6.mcu.externaltools.arm-none.macos64_1.6.0.201601291255/tools/compiler/bin/../lib/gcc/arm-none-eabi/5.2.1/armv7e-m/fpu/crtn.o
 *(.fini)
 .fini          0x0000000008002fac        0x4 /Applications/Ac6/SystemWorkbench.app/Contents/Eclipse/plugins/fr.ac6.mcu.externaltools.arm-none.macos64_1.6.0.201601291255/tools/compiler/bin/../lib/gcc/arm-none-eabi/5.2.1/armv7e-m/fpu/crti.o
                0x0000000008002fac                _fini
 .fini          0x0000000008002fb0        0x8 /Applications/Ac6/SystemWorkbench.app/Contents/Eclipse/plugins/fr.ac6.mcu.externaltools.arm-none.macos64_1.6.0.201601291255/tools/compiler/bin/../lib/gcc/arm-none-eabi/5.2.1/armv7e-m/fpu/crtn.o
                0x0000000008002fb8                . = ALIGN (0x4)
                0x0000000008002fb8                _etext = .

.vfp11_veneer   0x0000000008002fb8        0x0
 .vfp11_veneer  0x0000000008002fb8        0x0 linker stubs

.v4_bx          0x0000000008002fb8        0x0
 .v4_bx         0x0000000008002fb8        0x0 linker stubs

.iplt           0x0000000008002fb8        0x0
 .iplt          0x0000000008002fb8        0x0 /Applications/Ac6/SystemWorkbench.app/Contents/Eclipse/plugins/fr.ac6.mcu.externaltools.arm-none.macos64_1.6.0.201601291255/tools/compiler/bin/../lib/gcc/arm-none-eabi/5.2.1/armv7e-m/fpu/crtbegin.o

.rodata         0x0000000008002fb8    0x13874
                0x0000000008002fb8                . = ALIGN (0x4)
 *(.rodata)
 .rodata        0x0000000008002fb8    0x1384e src/main.o
                0x0000000008002fb8                cat
 *fill*         0x0000000008016806        0x2 
 .rodata        0x0000000008016808       0x10 /Users/Andy/Coding/workspace/stm32f429i-disco_hal_lib/Debug/libstm32f429i-disco_hal_lib.a(stm32f4xx_hal_rcc.o)
                0x0000000008016808                APBAHBPrescTable
 .rodata        0x0000000008016818        0x9 /Users/Andy/Coding/workspace/stm32f429i-disco_hal_lib/Debug/libstm32f429i-disco_hal_lib.a(stm32f429i_discovery.o)
                0x0000000008016818                GPIO_PIN
                0x000000000801681c                BUTTON_PIN
                0x0000000008016820                BUTTON_IRQn
 *(.rodata*)
 *fill*         0x0000000008016821        0x3 
 .rodata.str1.4
                0x0000000008016824        0x4 /Applications/Ac6/SystemWorkbench.app/Contents/Eclipse/plugins/fr.ac6.mcu.externaltools.arm-none.macos64_1.6.0.201601291255/tools/compiler/bin/../lib/gcc/arm-none-eabi/5.2.1/../../../../arm-none-eabi/lib/armv7e-m/fpu/libc.a(lib_a-impure.o)
                                          0x2 (size before relaxing)
 .rodata._global_impure_ptr
                0x0000000008016828        0x4 /Applications/Ac6/SystemWorkbench.app/Contents/Eclipse/plugins/fr.ac6.mcu.externaltools.arm-none.macos64_1.6.0.201601291255/tools/compiler/bin/../lib/gcc/arm-none-eabi/5.2.1/../../../../arm-none-eabi/lib/armv7e-m/fpu/libc.a(lib_a-impure.o)
                0x0000000008016828                _global_impure_ptr
                0x000000000801682c                . = ALIGN (0x4)

.rel.dyn        0x000000000801682c        0x0
 .rel.iplt      0x000000000801682c        0x0 /Applications/Ac6/SystemWorkbench.app/Contents/Eclipse/plugins/fr.ac6.mcu.externaltools.arm-none.macos64_1.6.0.201601291255/tools/compiler/bin/../lib/gcc/arm-none-eabi/5.2.1/armv7e-m/fpu/crtbegin.o

.ARM.extab
 *(.ARM.extab* .gnu.linkonce.armextab.*)

.ARM            0x000000000801682c        0x0
                0x000000000801682c                __exidx_start = .
 *(.ARM.exidx*)
                0x000000000801682c                __exidx_end = .

.preinit_array  0x000000000801682c        0x0
                0x000000000801682c                PROVIDE (__preinit_array_start, .)
 *(.preinit_array*)
                0x000000000801682c                PROVIDE (__preinit_array_end, .)

.init_array     0x000000000801682c        0x8
                0x000000000801682c                PROVIDE (__init_array_start, .)
 *(SORT(.init_array.*))
 .init_array.00000
                0x000000000801682c        0x4 /Applications/Ac6/SystemWorkbench.app/Contents/Eclipse/plugins/fr.ac6.mcu.externaltools.arm-none.macos64_1.6.0.201601291255/tools/compiler/bin/../lib/gcc/arm-none-eabi/5.2.1/../../../../arm-none-eabi/lib/armv7e-m/fpu/libc.a(lib_a-__call_atexit.o)
 *(.init_array*)
 .init_array    0x0000000008016830        0x4 /Applications/Ac6/SystemWorkbench.app/Contents/Eclipse/plugins/fr.ac6.mcu.externaltools.arm-none.macos64_1.6.0.201601291255/tools/compiler/bin/../lib/gcc/arm-none-eabi/5.2.1/armv7e-m/fpu/crtbegin.o
                0x0000000008016834                PROVIDE (__init_array_end, .)

.fini_array     0x0000000008016834        0x4
                0x0000000008016834                PROVIDE (__fini_array_start, .)
 *(SORT(.fini_array.*))
 *(.fini_array*)
 .fini_array    0x0000000008016834        0x4 /Applications/Ac6/SystemWorkbench.app/Contents/Eclipse/plugins/fr.ac6.mcu.externaltools.arm-none.macos64_1.6.0.201601291255/tools/compiler/bin/../lib/gcc/arm-none-eabi/5.2.1/armv7e-m/fpu/crtbegin.o
                0x0000000008016838                PROVIDE (__fini_array_end, .)
                0x0000000008016838                _sidata = LOADADDR (.data)

.data           0x0000000020000000      0x450 load address 0x0000000008016838
                0x0000000020000000                . = ALIGN (0x4)
                0x0000000020000000                _sdata = .
 *(.data)
 .data          0x0000000020000000       0x14 src/system_stm32f4xx.o
                0x0000000020000000                SystemCoreClock
                0x0000000020000004                AHBPrescTable
 .data          0x0000000020000014       0x14 /Users/Andy/Coding/workspace/stm32f429i-disco_hal_lib/Debug/libstm32f429i-disco_hal_lib.a(stm32f429i_discovery.o)
                0x0000000020000014                GPIO_PORT
                0x000000002000001c                BUTTON_PORT
                0x0000000020000020                I2cxTimeout
                0x0000000020000024                SpixTimeout
 *(.data*)
 .data.impure_data
                0x0000000020000028      0x428 /Applications/Ac6/SystemWorkbench.app/Contents/Eclipse/plugins/fr.ac6.mcu.externaltools.arm-none.macos64_1.6.0.201601291255/tools/compiler/bin/../lib/gcc/arm-none-eabi/5.2.1/../../../../arm-none-eabi/lib/armv7e-m/fpu/libc.a(lib_a-impure.o)
                0x0000000020000450                . = ALIGN (0x4)
                0x0000000020000450                _edata = .
                0x0000000008016c88                _siccmram = LOADADDR (.ccmram)

.jcr            0x0000000020000450        0x0 load address 0x0000000008016c88
 .jcr           0x0000000020000450        0x0 /Applications/Ac6/SystemWorkbench.app/Contents/Eclipse/plugins/fr.ac6.mcu.externaltools.arm-none.macos64_1.6.0.201601291255/tools/compiler/bin/../lib/gcc/arm-none-eabi/5.2.1/armv7e-m/fpu/crtbegin.o

.tm_clone_table
                0x0000000020000450        0x0 load address 0x0000000008016c88
 .tm_clone_table
                0x0000000020000450        0x0 /Applications/Ac6/SystemWorkbench.app/Contents/Eclipse/plugins/fr.ac6.mcu.externaltools.arm-none.macos64_1.6.0.201601291255/tools/compiler/bin/../lib/gcc/arm-none-eabi/5.2.1/armv7e-m/fpu/crtbegin.o
 .tm_clone_table
                0x0000000020000450        0x0 /Applications/Ac6/SystemWorkbench.app/Contents/Eclipse/plugins/fr.ac6.mcu.externaltools.arm-none.macos64_1.6.0.201601291255/tools/compiler/bin/../lib/gcc/arm-none-eabi/5.2.1/armv7e-m/fpu/crtend.o

.igot.plt       0x0000000020000450        0x0 load address 0x0000000008016c88
 .igot.plt      0x0000000020000450        0x0 /Applications/Ac6/SystemWorkbench.app/Contents/Eclipse/plugins/fr.ac6.mcu.externaltools.arm-none.macos64_1.6.0.201601291255/tools/compiler/bin/../lib/gcc/arm-none-eabi/5.2.1/armv7e-m/fpu/crtbegin.o

.ccmram         0x0000000010000000        0x0 load address 0x0000000008016c88
                0x0000000010000000                . = ALIGN (0x4)
                0x0000000010000000                _sccmram = .
 *(.ccmram)
 *(.ccmram*)
                0x0000000010000000                . = ALIGN (0x4)
                0x0000000010000000                _eccmram = .
                0x0000000010000000                . = ALIGN (0x4)

.bss            0x0000000020000450      0x130
                0x0000000020000450                _sbss = .
                0x0000000020000450                __bss_start__ = _sbss
 *(.bss)
 .bss           0x0000000020000450       0x1c /Applications/Ac6/SystemWorkbench.app/Contents/Eclipse/plugins/fr.ac6.mcu.externaltools.arm-none.macos64_1.6.0.201601291255/tools/compiler/bin/../lib/gcc/arm-none-eabi/5.2.1/armv7e-m/fpu/crtbegin.o
 .bss           0x000000002000046c        0xc src/main.o
                0x000000002000046c                Pending
                0x0000000020000470                Xpos1
                0x0000000020000474                Ypos1
 .bss           0x0000000020000478       0x59 /Users/Andy/Coding/workspace/stm32f429i-disco_hal_lib/Debug/libstm32f429i-disco_hal_lib.a(stm32f429i_discovery.o)
 *(.bss*)
 *(COMMON)
 *fill*         0x00000000200004d1        0x3 
 COMMON         0x00000000200004d4       0xa8 src/main.o
                0x00000000200004d4                LtdcHandle
 COMMON         0x000000002000057c        0x4 /Users/Andy/Coding/workspace/stm32f429i-disco_hal_lib/Debug/libstm32f429i-disco_hal_lib.a(stm32f4xx_hal.o)
                0x000000002000057c                uwTick
                0x0000000020000580                . = ALIGN (0x4)
                0x0000000020000580                _ebss = .
                0x0000000020000580                __bss_end__ = _ebss

._user_heap_stack
                0x0000000020000580      0x600
                0x0000000020000580                . = ALIGN (0x8)
                0x0000000020000580                PROVIDE (end, .)
                [!provide]                        PROVIDE (_end, .)
                0x0000000020000780                . = (. + _Min_Heap_Size)
 *fill*         0x0000000020000580      0x200 
                0x0000000020000b80                . = (. + _Min_Stack_Size)
 *fill*         0x0000000020000780      0x400 
                0x0000000020000b80                . = ALIGN (0x8)

/DISCARD/
 libc.a(*)
 libm.a(*)
 libgcc.a(*)

.ARM.attributes
                0x0000000000000000       0x30
 *(.ARM.attributes)
 .ARM.attributes
                0x0000000000000000       0x22 /Applications/Ac6/SystemWorkbench.app/Contents/Eclipse/plugins/fr.ac6.mcu.externaltools.arm-none.macos64_1.6.0.201601291255/tools/compiler/bin/../lib/gcc/arm-none-eabi/5.2.1/armv7e-m/fpu/crti.o
 .ARM.attributes
                0x0000000000000022       0x34 /Applications/Ac6/SystemWorkbench.app/Contents/Eclipse/plugins/fr.ac6.mcu.externaltools.arm-none.macos64_1.6.0.201601291255/tools/compiler/bin/../lib/gcc/arm-none-eabi/5.2.1/armv7e-m/fpu/crtbegin.o
 .ARM.attributes
                0x0000000000000056       0x39 src/main.o
 .ARM.attributes
                0x000000000000008f       0x39 src/stm32f4xx_hal_msp.o
 .ARM.attributes
                0x00000000000000c8       0x39 src/stm32f4xx_it.o
 .ARM.attributes
                0x0000000000000101       0x39 src/system_stm32f4xx.o
 .ARM.attributes
                0x000000000000013a       0x21 startup/startup_stm32f429xx.o
 .ARM.attributes
                0x000000000000015b       0x39 /Users/Andy/Coding/workspace/stm32f429i-disco_hal_lib/Debug/libstm32f429i-disco_hal_lib.a(stm32f4xx_hal.o)
 .ARM.attributes
                0x0000000000000194       0x39 /Users/Andy/Coding/workspace/stm32f429i-disco_hal_lib/Debug/libstm32f429i-disco_hal_lib.a(stm32f4xx_hal_cortex.o)
 .ARM.attributes
                0x00000000000001cd       0x39 /Users/Andy/Coding/workspace/stm32f429i-disco_hal_lib/Debug/libstm32f429i-disco_hal_lib.a(stm32f4xx_hal_gpio.o)
 .ARM.attributes
                0x0000000000000206       0x39 /Users/Andy/Coding/workspace/stm32f429i-disco_hal_lib/Debug/libstm32f429i-disco_hal_lib.a(stm32f4xx_hal_ltdc.o)
 .ARM.attributes
                0x000000000000023f       0x39 /Users/Andy/Coding/workspace/stm32f429i-disco_hal_lib/Debug/libstm32f429i-disco_hal_lib.a(stm32f4xx_hal_pwr_ex.o)
 .ARM.attributes
                0x0000000000000278       0x39 /Users/Andy/Coding/workspace/stm32f429i-disco_hal_lib/Debug/libstm32f429i-disco_hal_lib.a(stm32f4xx_hal_rcc.o)
 .ARM.attributes
                0x00000000000002b1       0x39 /Users/Andy/Coding/workspace/stm32f429i-disco_hal_lib/Debug/libstm32f429i-disco_hal_lib.a(stm32f4xx_hal_rcc_ex.o)
 .ARM.attributes
                0x00000000000002ea       0x39 /Users/Andy/Coding/workspace/stm32f429i-disco_hal_lib/Debug/libstm32f429i-disco_hal_lib.a(ili9341.o)
 .ARM.attributes
                0x0000000000000323       0x39 /Users/Andy/Coding/workspace/stm32f429i-disco_hal_lib/Debug/libstm32f429i-disco_hal_lib.a(stm32f429i_discovery.o)
 .ARM.attributes
                0x000000000000035c       0x39 /Users/Andy/Coding/workspace/stm32f429i-disco_hal_lib/Debug/libstm32f429i-disco_hal_lib.a(stm32f4xx_hal_spi.o)
 .ARM.attributes
                0x0000000000000395       0x34 /Applications/Ac6/SystemWorkbench.app/Contents/Eclipse/plugins/fr.ac6.mcu.externaltools.arm-none.macos64_1.6.0.201601291255/tools/compiler/bin/../lib/gcc/arm-none-eabi/5.2.1/../../../../arm-none-eabi/lib/armv7e-m/fpu/libc.a(lib_a-impure.o)
 .ARM.attributes
                0x00000000000003c9       0x34 /Applications/Ac6/SystemWorkbench.app/Contents/Eclipse/plugins/fr.ac6.mcu.externaltools.arm-none.macos64_1.6.0.201601291255/tools/compiler/bin/../lib/gcc/arm-none-eabi/5.2.1/../../../../arm-none-eabi/lib/armv7e-m/fpu/libc.a(lib_a-init.o)
 .ARM.attributes
                0x00000000000003fd       0x34 /Applications/Ac6/SystemWorkbench.app/Contents/Eclipse/plugins/fr.ac6.mcu.externaltools.arm-none.macos64_1.6.0.201601291255/tools/compiler/bin/../lib/gcc/arm-none-eabi/5.2.1/../../../../arm-none-eabi/lib/armv7e-m/fpu/libc.a(lib_a-__call_atexit.o)
 .ARM.attributes
                0x0000000000000431       0x34 /Applications/Ac6/SystemWorkbench.app/Contents/Eclipse/plugins/fr.ac6.mcu.externaltools.arm-none.macos64_1.6.0.201601291255/tools/compiler/bin/../lib/gcc/arm-none-eabi/5.2.1/../../../../arm-none-eabi/lib/armv7e-m/fpu/libc.a(lib_a-atexit.o)
 .ARM.attributes
                0x0000000000000465       0x34 /Applications/Ac6/SystemWorkbench.app/Contents/Eclipse/plugins/fr.ac6.mcu.externaltools.arm-none.macos64_1.6.0.201601291255/tools/compiler/bin/../lib/gcc/arm-none-eabi/5.2.1/../../../../arm-none-eabi/lib/armv7e-m/fpu/libc.a(lib_a-fini.o)
 .ARM.attributes
                0x0000000000000499       0x34 /Applications/Ac6/SystemWorkbench.app/Contents/Eclipse/plugins/fr.ac6.mcu.externaltools.arm-none.macos64_1.6.0.201601291255/tools/compiler/bin/../lib/gcc/arm-none-eabi/5.2.1/../../../../arm-none-eabi/lib/armv7e-m/fpu/libc.a(lib_a-__atexit.o)
 .ARM.attributes
                0x00000000000004cd       0x34 /Applications/Ac6/SystemWorkbench.app/Contents/Eclipse/plugins/fr.ac6.mcu.externaltools.arm-none.macos64_1.6.0.201601291255/tools/compiler/bin/../lib/gcc/arm-none-eabi/5.2.1/armv7e-m/fpu/crtend.o
 .ARM.attributes
                0x0000000000000501       0x22 /Applications/Ac6/SystemWorkbench.app/Contents/Eclipse/plugins/fr.ac6.mcu.externaltools.arm-none.macos64_1.6.0.201601291255/tools/compiler/bin/../lib/gcc/arm-none-eabi/5.2.1/armv7e-m/fpu/crtn.o
OUTPUT(LTDCexample_playground.elf elf32-littlearm)

.debug_info     0x0000000000000000     0x919d
 .debug_info    0x0000000000000000      0xa9e src/main.o
 .debug_info    0x0000000000000a9e      0xa85 src/stm32f4xx_hal_msp.o
 .debug_info    0x0000000000001523      0x51a src/stm32f4xx_it.o
 .debug_info    0x0000000000001a3d      0x4ca src/system_stm32f4xx.o
 .debug_info    0x0000000000001f07       0x75 startup/startup_stm32f429xx.o
 .debug_info    0x0000000000001f7c      0x91d /Users/Andy/Coding/workspace/stm32f429i-disco_hal_lib/Debug/libstm32f429i-disco_hal_lib.a(stm32f4xx_hal.o)
 .debug_info    0x0000000000002899      0xd41 /Users/Andy/Coding/workspace/stm32f429i-disco_hal_lib/Debug/libstm32f429i-disco_hal_lib.a(stm32f4xx_hal_cortex.o)
 .debug_info    0x00000000000035da      0x729 /Users/Andy/Coding/workspace/stm32f429i-disco_hal_lib/Debug/libstm32f429i-disco_hal_lib.a(stm32f4xx_hal_gpio.o)
 .debug_info    0x0000000000003d03      0xc53 /Users/Andy/Coding/workspace/stm32f429i-disco_hal_lib/Debug/libstm32f429i-disco_hal_lib.a(stm32f4xx_hal_ltdc.o)
 .debug_info    0x0000000000004956      0x86c /Users/Andy/Coding/workspace/stm32f429i-disco_hal_lib/Debug/libstm32f429i-disco_hal_lib.a(stm32f4xx_hal_pwr_ex.o)
 .debug_info    0x00000000000051c2      0xb42 /Users/Andy/Coding/workspace/stm32f429i-disco_hal_lib/Debug/libstm32f429i-disco_hal_lib.a(stm32f4xx_hal_rcc.o)
 .debug_info    0x0000000000005d04      0x883 /Users/Andy/Coding/workspace/stm32f429i-disco_hal_lib/Debug/libstm32f429i-disco_hal_lib.a(stm32f4xx_hal_rcc_ex.o)
 .debug_info    0x0000000000006587      0x33d /Users/Andy/Coding/workspace/stm32f429i-disco_hal_lib/Debug/libstm32f429i-disco_hal_lib.a(ili9341.o)
 .debug_info    0x00000000000068c4     0x1760 /Users/Andy/Coding/workspace/stm32f429i-disco_hal_lib/Debug/libstm32f429i-disco_hal_lib.a(stm32f429i_discovery.o)
 .debug_info    0x0000000000008024     0x1179 /Users/Andy/Coding/workspace/stm32f429i-disco_hal_lib/Debug/libstm32f429i-disco_hal_lib.a(stm32f4xx_hal_spi.o)

.debug_abbrev   0x0000000000000000     0x19eb
 .debug_abbrev  0x0000000000000000      0x1fe src/main.o
 .debug_abbrev  0x00000000000001fe      0x157 src/stm32f4xx_hal_msp.o
 .debug_abbrev  0x0000000000000355      0x129 src/stm32f4xx_it.o
 .debug_abbrev  0x000000000000047e      0x104 src/system_stm32f4xx.o
 .debug_abbrev  0x0000000000000582       0x12 startup/startup_stm32f429xx.o
 .debug_abbrev  0x0000000000000594      0x1fe /Users/Andy/Coding/workspace/stm32f429i-disco_hal_lib/Debug/libstm32f429i-disco_hal_lib.a(stm32f4xx_hal.o)
 .debug_abbrev  0x0000000000000792      0x2cc /Users/Andy/Coding/workspace/stm32f429i-disco_hal_lib/Debug/libstm32f429i-disco_hal_lib.a(stm32f4xx_hal_cortex.o)
 .debug_abbrev  0x0000000000000a5e      0x1af /Users/Andy/Coding/workspace/stm32f429i-disco_hal_lib/Debug/libstm32f429i-disco_hal_lib.a(stm32f4xx_hal_gpio.o)
 .debug_abbrev  0x0000000000000c0d      0x1fa /Users/Andy/Coding/workspace/stm32f429i-disco_hal_lib/Debug/libstm32f429i-disco_hal_lib.a(stm32f4xx_hal_ltdc.o)
 .debug_abbrev  0x0000000000000e07      0x1fd /Users/Andy/Coding/workspace/stm32f429i-disco_hal_lib/Debug/libstm32f429i-disco_hal_lib.a(stm32f4xx_hal_pwr_ex.o)
 .debug_abbrev  0x0000000000001004      0x299 /Users/Andy/Coding/workspace/stm32f429i-disco_hal_lib/Debug/libstm32f429i-disco_hal_lib.a(stm32f4xx_hal_rcc.o)
 .debug_abbrev  0x000000000000129d      0x1b6 /Users/Andy/Coding/workspace/stm32f429i-disco_hal_lib/Debug/libstm32f429i-disco_hal_lib.a(stm32f4xx_hal_rcc_ex.o)
 .debug_abbrev  0x0000000000001453      0x144 /Users/Andy/Coding/workspace/stm32f429i-disco_hal_lib/Debug/libstm32f429i-disco_hal_lib.a(ili9341.o)
 .debug_abbrev  0x0000000000001597      0x258 /Users/Andy/Coding/workspace/stm32f429i-disco_hal_lib/Debug/libstm32f429i-disco_hal_lib.a(stm32f429i_discovery.o)
 .debug_abbrev  0x00000000000017ef      0x1fc /Users/Andy/Coding/workspace/stm32f429i-disco_hal_lib/Debug/libstm32f429i-disco_hal_lib.a(stm32f4xx_hal_spi.o)

.debug_aranges  0x0000000000000000      0x880
 .debug_aranges
                0x0000000000000000       0x48 src/main.o
 .debug_aranges
                0x0000000000000048       0x28 src/stm32f4xx_hal_msp.o
 .debug_aranges
                0x0000000000000070       0x68 src/stm32f4xx_it.o
 .debug_aranges
                0x00000000000000d8       0x28 src/system_stm32f4xx.o
 .debug_aranges
                0x0000000000000100       0x28 startup/startup_stm32f429xx.o
 .debug_aranges
                0x0000000000000128       0xd0 /Users/Andy/Coding/workspace/stm32f429i-disco_hal_lib/Debug/libstm32f429i-disco_hal_lib.a(stm32f4xx_hal.o)
 .debug_aranges
                0x00000000000001f8      0x108 /Users/Andy/Coding/workspace/stm32f429i-disco_hal_lib/Debug/libstm32f429i-disco_hal_lib.a(stm32f4xx_hal_cortex.o)
 .debug_aranges
                0x0000000000000300       0x58 /Users/Andy/Coding/workspace/stm32f429i-disco_hal_lib/Debug/libstm32f429i-disco_hal_lib.a(stm32f4xx_hal_gpio.o)
 .debug_aranges
                0x0000000000000358       0xe8 /Users/Andy/Coding/workspace/stm32f429i-disco_hal_lib/Debug/libstm32f429i-disco_hal_lib.a(stm32f4xx_hal_ltdc.o)
 .debug_aranges
                0x0000000000000440       0x60 /Users/Andy/Coding/workspace/stm32f429i-disco_hal_lib/Debug/libstm32f429i-disco_hal_lib.a(stm32f4xx_hal_pwr_ex.o)
 .debug_aranges
                0x00000000000004a0       0x88 /Users/Andy/Coding/workspace/stm32f429i-disco_hal_lib/Debug/libstm32f429i-disco_hal_lib.a(stm32f4xx_hal_rcc.o)
 .debug_aranges
                0x0000000000000528       0x30 /Users/Andy/Coding/workspace/stm32f429i-disco_hal_lib/Debug/libstm32f429i-disco_hal_lib.a(stm32f4xx_hal_rcc_ex.o)
 .debug_aranges
                0x0000000000000558       0x60 /Users/Andy/Coding/workspace/stm32f429i-disco_hal_lib/Debug/libstm32f429i-disco_hal_lib.a(ili9341.o)
 .debug_aranges
                0x00000000000005b8      0x138 /Users/Andy/Coding/workspace/stm32f429i-disco_hal_lib/Debug/libstm32f429i-disco_hal_lib.a(stm32f429i_discovery.o)
 .debug_aranges
                0x00000000000006f0      0x190 /Users/Andy/Coding/workspace/stm32f429i-disco_hal_lib/Debug/libstm32f429i-disco_hal_lib.a(stm32f4xx_hal_spi.o)

.debug_ranges   0x0000000000000000      0x798
 .debug_ranges  0x0000000000000000       0x38 src/main.o
 .debug_ranges  0x0000000000000038       0x18 src/stm32f4xx_hal_msp.o
 .debug_ranges  0x0000000000000050       0x58 src/stm32f4xx_it.o
 .debug_ranges  0x00000000000000a8       0x18 src/system_stm32f4xx.o
 .debug_ranges  0x00000000000000c0       0x20 startup/startup_stm32f429xx.o
 .debug_ranges  0x00000000000000e0       0xc0 /Users/Andy/Coding/workspace/stm32f429i-disco_hal_lib/Debug/libstm32f429i-disco_hal_lib.a(stm32f4xx_hal.o)
 .debug_ranges  0x00000000000001a0       0xf8 /Users/Andy/Coding/workspace/stm32f429i-disco_hal_lib/Debug/libstm32f429i-disco_hal_lib.a(stm32f4xx_hal_cortex.o)
 .debug_ranges  0x0000000000000298       0x48 /Users/Andy/Coding/workspace/stm32f429i-disco_hal_lib/Debug/libstm32f429i-disco_hal_lib.a(stm32f4xx_hal_gpio.o)
 .debug_ranges  0x00000000000002e0       0xd8 /Users/Andy/Coding/workspace/stm32f429i-disco_hal_lib/Debug/libstm32f429i-disco_hal_lib.a(stm32f4xx_hal_ltdc.o)
 .debug_ranges  0x00000000000003b8       0x50 /Users/Andy/Coding/workspace/stm32f429i-disco_hal_lib/Debug/libstm32f429i-disco_hal_lib.a(stm32f4xx_hal_pwr_ex.o)
 .debug_ranges  0x0000000000000408       0x78 /Users/Andy/Coding/workspace/stm32f429i-disco_hal_lib/Debug/libstm32f429i-disco_hal_lib.a(stm32f4xx_hal_rcc.o)
 .debug_ranges  0x0000000000000480       0x20 /Users/Andy/Coding/workspace/stm32f429i-disco_hal_lib/Debug/libstm32f429i-disco_hal_lib.a(stm32f4xx_hal_rcc_ex.o)
 .debug_ranges  0x00000000000004a0       0x50 /Users/Andy/Coding/workspace/stm32f429i-disco_hal_lib/Debug/libstm32f429i-disco_hal_lib.a(ili9341.o)
 .debug_ranges  0x00000000000004f0      0x128 /Users/Andy/Coding/workspace/stm32f429i-disco_hal_lib/Debug/libstm32f429i-disco_hal_lib.a(stm32f429i_discovery.o)
 .debug_ranges  0x0000000000000618      0x180 /Users/Andy/Coding/workspace/stm32f429i-disco_hal_lib/Debug/libstm32f429i-disco_hal_lib.a(stm32f4xx_hal_spi.o)

.debug_macro    0x0000000000000000    0x1c95b
 .debug_macro   0x0000000000000000      0x4e2 src/main.o
 .debug_macro   0x00000000000004e2      0x8aa src/main.o
 .debug_macro   0x0000000000000d8c      0x25d src/main.o
 .debug_macro   0x0000000000000fe9       0x28 src/main.o
 .debug_macro   0x0000000000001011       0x28 src/main.o
 .debug_macro   0x0000000000001039       0x22 src/main.o
 .debug_macro   0x000000000000105b       0x44 src/main.o
 .debug_macro   0x000000000000109f       0xfd src/main.o
 .debug_macro   0x000000000000119c       0x22 src/main.o
 .debug_macro   0x00000000000011be      0x1df src/main.o
 .debug_macro   0x000000000000139d       0x35 src/main.o
 .debug_macro   0x00000000000013d2       0x50 src/main.o
 .debug_macro   0x0000000000001422      0xe66 src/main.o
 .debug_macro   0x0000000000002288     0xa24d src/main.o
 .debug_macro   0x000000000000c4d5       0x43 src/main.o
 .debug_macro   0x000000000000c518     0x33a6 src/main.o
 .debug_macro   0x000000000000f8be       0x58 src/main.o
 .debug_macro   0x000000000000f916       0x35 src/main.o
 .debug_macro   0x000000000000f94b       0x9c src/main.o
 .debug_macro   0x000000000000f9e7       0x16 src/main.o
 .debug_macro   0x000000000000f9fd       0x97 src/main.o
 .debug_macro   0x000000000000fa94      0x329 src/main.o
 .debug_macro   0x000000000000fdbd       0xfd src/main.o
 .debug_macro   0x000000000000feba       0x10 src/main.o
 .debug_macro   0x000000000000feca       0x52 src/main.o
 .debug_macro   0x000000000000ff1c       0x16 src/main.o
 .debug_macro   0x000000000000ff32       0x43 src/main.o
 .debug_macro   0x000000000000ff75      0x187 src/main.o
 .debug_macro   0x00000000000100fc       0x10 src/main.o
 .debug_macro   0x000000000001010c       0x22 src/main.o
 .debug_macro   0x000000000001012e       0x3a src/main.o
 .debug_macro   0x0000000000010168       0x10 src/main.o
 .debug_macro   0x0000000000010178       0x40 src/main.o
 .debug_macro   0x00000000000101b8       0x65 src/main.o
 .debug_macro   0x000000000001021d       0x16 src/main.o
 .debug_macro   0x0000000000010233      0x197 src/main.o
 .debug_macro   0x00000000000103ca       0x57 src/main.o
 .debug_macro   0x0000000000010421      0xc9e src/main.o
 .debug_macro   0x00000000000110bf      0x9da src/main.o
 .debug_macro   0x0000000000011a99      0x11e src/main.o
 .debug_macro   0x0000000000011bb7      0x161 src/main.o
 .debug_macro   0x0000000000011d18       0x27 src/main.o
 .debug_macro   0x0000000000011d3f      0x272 src/main.o
 .debug_macro   0x0000000000011fb1       0x5f src/main.o
 .debug_macro   0x0000000000012010      0x23a src/main.o
 .debug_macro   0x000000000001224a      0x391 src/main.o
 .debug_macro   0x00000000000125db      0x176 src/main.o
 .debug_macro   0x0000000000012751       0xf9 src/main.o
 .debug_macro   0x000000000001284a      0x36e src/main.o
 .debug_macro   0x0000000000012bb8       0x23 src/main.o
 .debug_macro   0x0000000000012bdb      0x1e5 src/main.o
 .debug_macro   0x0000000000012dc0       0xe6 src/main.o
 .debug_macro   0x0000000000012ea6       0xa1 src/main.o
 .debug_macro   0x0000000000012f47       0x3c src/main.o
 .debug_macro   0x0000000000012f83      0x1af src/main.o
 .debug_macro   0x0000000000013132      0xcd6 src/main.o
 .debug_macro   0x0000000000013e08      0x13a src/main.o
 .debug_macro   0x0000000000013f42      0x41d src/main.o
 .debug_macro   0x000000000001435f       0x2e src/main.o
 .debug_macro   0x000000000001438d      0x582 src/main.o
 .debug_macro   0x000000000001490f       0x88 src/main.o
 .debug_macro   0x0000000000014997       0xd5 src/main.o
 .debug_macro   0x0000000000014a6c      0x183 src/main.o
 .debug_macro   0x0000000000014bef       0x10 src/main.o
 .debug_macro   0x0000000000014bff      0x1a7 src/main.o
 .debug_macro   0x0000000000014da6       0x22 src/main.o
 .debug_macro   0x0000000000014dc8       0xa5 src/main.o
 .debug_macro   0x0000000000014e6d      0x18b src/main.o
 .debug_macro   0x0000000000014ff8       0x24 src/main.o
 .debug_macro   0x000000000001501c       0x35 src/main.o
 .debug_macro   0x0000000000015051       0x97 src/main.o
 .debug_macro   0x00000000000150e8      0x175 src/main.o
 .debug_macro   0x000000000001525d       0xcf src/main.o
 .debug_macro   0x000000000001532c      0x11e src/main.o
 .debug_macro   0x000000000001544a       0xe2 src/main.o
 .debug_macro   0x000000000001552c       0x89 src/main.o
 .debug_macro   0x00000000000155b5       0x7e src/main.o
 .debug_macro   0x0000000000015633      0x31a src/main.o
 .debug_macro   0x000000000001594d      0x409 src/main.o
 .debug_macro   0x0000000000015d56       0xe4 src/main.o
 .debug_macro   0x0000000000015e3a      0x398 src/main.o
 .debug_macro   0x00000000000161d2       0xd6 src/main.o
 .debug_macro   0x00000000000162a8      0x48d src/main.o
 .debug_macro   0x0000000000016735      0x22b src/main.o
 .debug_macro   0x0000000000016960      0x202 src/main.o
 .debug_macro   0x0000000000016b62      0x6d9 src/main.o
 .debug_macro   0x000000000001723b       0x5b src/main.o
 .debug_macro   0x0000000000017296      0x14d src/main.o
 .debug_macro   0x00000000000173e3      0x287 src/main.o
 .debug_macro   0x000000000001766a      0x225 src/main.o
 .debug_macro   0x000000000001788f      0x1b5 src/main.o
 .debug_macro   0x0000000000017a44      0x2db src/main.o
 .debug_macro   0x0000000000017d1f       0x94 src/main.o
 .debug_macro   0x0000000000017db3      0x1df src/main.o
 .debug_macro   0x0000000000017f92      0x115 src/main.o
 .debug_macro   0x00000000000180a7       0x6e src/main.o
 .debug_macro   0x0000000000018115      0x12c src/main.o
 .debug_macro   0x0000000000018241      0x25f src/main.o
 .debug_macro   0x00000000000184a0      0x26d src/main.o
 .debug_macro   0x000000000001870d      0x4d8 src/stm32f4xx_hal_msp.o
 .debug_macro   0x0000000000018be5      0x4e6 src/stm32f4xx_it.o
 .debug_macro   0x00000000000190cb      0x4ac src/system_stm32f4xx.o
 .debug_macro   0x0000000000019577      0x4f4 /Users/Andy/Coding/workspace/stm32f429i-disco_hal_lib/Debug/libstm32f429i-disco_hal_lib.a(stm32f4xx_hal.o)
 .debug_macro   0x0000000000019a6b      0x8a4 /Users/Andy/Coding/workspace/stm32f429i-disco_hal_lib/Debug/libstm32f429i-disco_hal_lib.a(stm32f4xx_hal.o)
 .debug_macro   0x000000000001a30f      0x4a6 /Users/Andy/Coding/workspace/stm32f429i-disco_hal_lib/Debug/libstm32f429i-disco_hal_lib.a(stm32f4xx_hal_cortex.o)
 .debug_macro   0x000000000001a7b5      0x4de /Users/Andy/Coding/workspace/stm32f429i-disco_hal_lib/Debug/libstm32f429i-disco_hal_lib.a(stm32f4xx_hal_gpio.o)
 .debug_macro   0x000000000001ac93      0x4a6 /Users/Andy/Coding/workspace/stm32f429i-disco_hal_lib/Debug/libstm32f429i-disco_hal_lib.a(stm32f4xx_hal_ltdc.o)
 .debug_macro   0x000000000001b139      0x4be /Users/Andy/Coding/workspace/stm32f429i-disco_hal_lib/Debug/libstm32f429i-disco_hal_lib.a(stm32f4xx_hal_pwr_ex.o)
 .debug_macro   0x000000000001b5f7      0x4d0 /Users/Andy/Coding/workspace/stm32f429i-disco_hal_lib/Debug/libstm32f429i-disco_hal_lib.a(stm32f4xx_hal_rcc.o)
 .debug_macro   0x000000000001bac7      0x4a6 /Users/Andy/Coding/workspace/stm32f429i-disco_hal_lib/Debug/libstm32f429i-disco_hal_lib.a(stm32f4xx_hal_rcc_ex.o)
 .debug_macro   0x000000000001bf6d       0x6d /Users/Andy/Coding/workspace/stm32f429i-disco_hal_lib/Debug/libstm32f429i-disco_hal_lib.a(ili9341.o)
 .debug_macro   0x000000000001bfda      0x4d3 /Users/Andy/Coding/workspace/stm32f429i-disco_hal_lib/Debug/libstm32f429i-disco_hal_lib.a(stm32f429i_discovery.o)
 .debug_macro   0x000000000001c4ad      0x4ae /Users/Andy/Coding/workspace/stm32f429i-disco_hal_lib/Debug/libstm32f429i-disco_hal_lib.a(stm32f4xx_hal_spi.o)

.debug_line     0x0000000000000000     0xbeb9
 .debug_line    0x0000000000000000      0xde6 src/main.o
 .debug_line    0x0000000000000de6      0xd33 src/stm32f4xx_hal_msp.o
 .debug_line    0x0000000000001b19      0xdb8 src/stm32f4xx_it.o
 .debug_line    0x00000000000028d1      0xbac src/system_stm32f4xx.o
 .debug_line    0x000000000000347d       0x7f startup/startup_stm32f429xx.o
 .debug_line    0x00000000000034fc      0xd63 /Users/Andy/Coding/workspace/stm32f429i-disco_hal_lib/Debug/libstm32f429i-disco_hal_lib.a(stm32f4xx_hal.o)
 .debug_line    0x000000000000425f      0xe57 /Users/Andy/Coding/workspace/stm32f429i-disco_hal_lib/Debug/libstm32f429i-disco_hal_lib.a(stm32f4xx_hal_cortex.o)
 .debug_line    0x00000000000050b6      0xd8a /Users/Andy/Coding/workspace/stm32f429i-disco_hal_lib/Debug/libstm32f429i-disco_hal_lib.a(stm32f4xx_hal_gpio.o)
 .debug_line    0x0000000000005e40     0x10f1 /Users/Andy/Coding/workspace/stm32f429i-disco_hal_lib/Debug/libstm32f429i-disco_hal_lib.a(stm32f4xx_hal_ltdc.o)
 .debug_line    0x0000000000006f31      0xcf6 /Users/Andy/Coding/workspace/stm32f429i-disco_hal_lib/Debug/libstm32f429i-disco_hal_lib.a(stm32f4xx_hal_pwr_ex.o)
 .debug_line    0x0000000000007c27      0xe77 /Users/Andy/Coding/workspace/stm32f429i-disco_hal_lib/Debug/libstm32f429i-disco_hal_lib.a(stm32f4xx_hal_rcc.o)
 .debug_line    0x0000000000008a9e      0xd5a /Users/Andy/Coding/workspace/stm32f429i-disco_hal_lib/Debug/libstm32f429i-disco_hal_lib.a(stm32f4xx_hal_rcc_ex.o)
 .debug_line    0x00000000000097f8      0x48b /Users/Andy/Coding/workspace/stm32f429i-disco_hal_lib/Debug/libstm32f429i-disco_hal_lib.a(ili9341.o)
 .debug_line    0x0000000000009c83      0xefd /Users/Andy/Coding/workspace/stm32f429i-disco_hal_lib/Debug/libstm32f429i-disco_hal_lib.a(stm32f429i_discovery.o)
 .debug_line    0x000000000000ab80     0x1339 /Users/Andy/Coding/workspace/stm32f429i-disco_hal_lib/Debug/libstm32f429i-disco_hal_lib.a(stm32f4xx_hal_spi.o)

.debug_str      0x0000000000000000    0xb6a33
 .debug_str     0x0000000000000000    0xb40ad src/main.o
                                      0xb43fe (size before relaxing)
 .debug_str     0x00000000000b40ad      0x5c9 src/stm32f4xx_hal_msp.o
                                      0xb46d6 (size before relaxing)
 .debug_str     0x00000000000b4676       0xb8 src/stm32f4xx_it.o
                                      0xb409f (size before relaxing)
 .debug_str     0x00000000000b472e       0xcf src/system_stm32f4xx.o
                                      0xb292b (size before relaxing)
 .debug_str     0x00000000000b47fd      0x50a /Users/Andy/Coding/workspace/stm32f429i-disco_hal_lib/Debug/libstm32f429i-disco_hal_lib.a(stm32f4xx_hal.o)
                                      0xb3365 (size before relaxing)
 .debug_str     0x00000000000b4d07      0x35d /Users/Andy/Coding/workspace/stm32f429i-disco_hal_lib/Debug/libstm32f429i-disco_hal_lib.a(stm32f4xx_hal_cortex.o)
                                      0xb31cb (size before relaxing)
 .debug_str     0x00000000000b5064      0x276 /Users/Andy/Coding/workspace/stm32f429i-disco_hal_lib/Debug/libstm32f429i-disco_hal_lib.a(stm32f4xx_hal_gpio.o)
                                      0xb2ba4 (size before relaxing)
 .debug_str     0x00000000000b52da      0x2d8 /Users/Andy/Coding/workspace/stm32f429i-disco_hal_lib/Debug/libstm32f429i-disco_hal_lib.a(stm32f4xx_hal_ltdc.o)
                                      0xb2d82 (size before relaxing)
 .debug_str     0x00000000000b55b2      0x12f /Users/Andy/Coding/workspace/stm32f429i-disco_hal_lib/Debug/libstm32f429i-disco_hal_lib.a(stm32f4xx_hal_pwr_ex.o)
                                      0xb2b08 (size before relaxing)
 .debug_str     0x00000000000b56e1      0x265 /Users/Andy/Coding/workspace/stm32f429i-disco_hal_lib/Debug/libstm32f429i-disco_hal_lib.a(stm32f4xx_hal_rcc.o)
                                      0xb2d1b (size before relaxing)
 .debug_str     0x00000000000b5946       0x76 /Users/Andy/Coding/workspace/stm32f429i-disco_hal_lib/Debug/libstm32f429i-disco_hal_lib.a(stm32f4xx_hal_rcc_ex.o)
                                      0xb2a3a (size before relaxing)
 .debug_str     0x00000000000b59bc      0x163 /Users/Andy/Coding/workspace/stm32f429i-disco_hal_lib/Debug/libstm32f429i-disco_hal_lib.a(ili9341.o)
                                       0x3a4e (size before relaxing)
 .debug_str     0x00000000000b5b1f      0xac9 /Users/Andy/Coding/workspace/stm32f429i-disco_hal_lib/Debug/libstm32f429i-disco_hal_lib.a(stm32f429i_discovery.o)
                                      0xb4945 (size before relaxing)
 .debug_str     0x00000000000b65e8      0x44b /Users/Andy/Coding/workspace/stm32f429i-disco_hal_lib/Debug/libstm32f429i-disco_hal_lib.a(stm32f4xx_hal_spi.o)
                                      0xb3079 (size before relaxing)

.comment        0x0000000000000000       0x6e
 .comment       0x0000000000000000       0x6e src/main.o
                                         0x6f (size before relaxing)
 .comment       0x000000000000006e       0x6f src/stm32f4xx_hal_msp.o
 .comment       0x000000000000006e       0x6f src/stm32f4xx_it.o
 .comment       0x000000000000006e       0x6f src/system_stm32f4xx.o
 .comment       0x000000000000006e       0x6f /Users/Andy/Coding/workspace/stm32f429i-disco_hal_lib/Debug/libstm32f429i-disco_hal_lib.a(stm32f4xx_hal.o)
 .comment       0x000000000000006e       0x6f /Users/Andy/Coding/workspace/stm32f429i-disco_hal_lib/Debug/libstm32f429i-disco_hal_lib.a(stm32f4xx_hal_cortex.o)
 .comment       0x000000000000006e       0x6f /Users/Andy/Coding/workspace/stm32f429i-disco_hal_lib/Debug/libstm32f429i-disco_hal_lib.a(stm32f4xx_hal_gpio.o)
 .comment       0x000000000000006e       0x6f /Users/Andy/Coding/workspace/stm32f429i-disco_hal_lib/Debug/libstm32f429i-disco_hal_lib.a(stm32f4xx_hal_ltdc.o)
 .comment       0x000000000000006e       0x6f /Users/Andy/Coding/workspace/stm32f429i-disco_hal_lib/Debug/libstm32f429i-disco_hal_lib.a(stm32f4xx_hal_pwr_ex.o)
 .comment       0x000000000000006e       0x6f /Users/Andy/Coding/workspace/stm32f429i-disco_hal_lib/Debug/libstm32f429i-disco_hal_lib.a(stm32f4xx_hal_rcc.o)
 .comment       0x000000000000006e       0x6f /Users/Andy/Coding/workspace/stm32f429i-disco_hal_lib/Debug/libstm32f429i-disco_hal_lib.a(stm32f4xx_hal_rcc_ex.o)
 .comment       0x000000000000006e       0x6f /Users/Andy/Coding/workspace/stm32f429i-disco_hal_lib/Debug/libstm32f429i-disco_hal_lib.a(ili9341.o)
 .comment       0x000000000000006e       0x6f /Users/Andy/Coding/workspace/stm32f429i-disco_hal_lib/Debug/libstm32f429i-disco_hal_lib.a(stm32f429i_discovery.o)
 .comment       0x000000000000006e       0x6f /Users/Andy/Coding/workspace/stm32f429i-disco_hal_lib/Debug/libstm32f429i-disco_hal_lib.a(stm32f4xx_hal_spi.o)

.debug_frame    0x0000000000000000     0x2154
 .debug_frame   0x0000000000000000       0xe4 src/main.o
 .debug_frame   0x00000000000000e4       0x5c src/stm32f4xx_hal_msp.o
 .debug_frame   0x0000000000000140      0x128 src/stm32f4xx_it.o
 .debug_frame   0x0000000000000268       0x58 src/system_stm32f4xx.o
 .debug_frame   0x00000000000002c0      0x310 /Users/Andy/Coding/workspace/stm32f429i-disco_hal_lib/Debug/libstm32f429i-disco_hal_lib.a(stm32f4xx_hal.o)
 .debug_frame   0x00000000000005d0      0x450 /Users/Andy/Coding/workspace/stm32f429i-disco_hal_lib/Debug/libstm32f429i-disco_hal_lib.a(stm32f4xx_hal_cortex.o)
 .debug_frame   0x0000000000000a20      0x14c /Users/Andy/Coding/workspace/stm32f429i-disco_hal_lib/Debug/libstm32f429i-disco_hal_lib.a(stm32f4xx_hal_gpio.o)
 .debug_frame   0x0000000000000b6c      0x400 /Users/Andy/Coding/workspace/stm32f429i-disco_hal_lib/Debug/libstm32f429i-disco_hal_lib.a(stm32f4xx_hal_ltdc.o)
 .debug_frame   0x0000000000000f6c      0x158 /Users/Andy/Coding/workspace/stm32f429i-disco_hal_lib/Debug/libstm32f429i-disco_hal_lib.a(stm32f4xx_hal_pwr_ex.o)
 .debug_frame   0x00000000000010c4      0x200 /Users/Andy/Coding/workspace/stm32f429i-disco_hal_lib/Debug/libstm32f429i-disco_hal_lib.a(stm32f4xx_hal_rcc.o)
 .debug_frame   0x00000000000012c4       0x80 /Users/Andy/Coding/workspace/stm32f429i-disco_hal_lib/Debug/libstm32f429i-disco_hal_lib.a(stm32f4xx_hal_rcc_ex.o)
 .debug_frame   0x0000000000001344      0x12c /Users/Andy/Coding/workspace/stm32f429i-disco_hal_lib/Debug/libstm32f429i-disco_hal_lib.a(ili9341.o)
 .debug_frame   0x0000000000001470      0x4ec /Users/Andy/Coding/workspace/stm32f429i-disco_hal_lib/Debug/libstm32f429i-disco_hal_lib.a(stm32f429i_discovery.o)
 .debug_frame   0x000000000000195c      0x6f4 /Users/Andy/Coding/workspace/stm32f429i-disco_hal_lib/Debug/libstm32f429i-disco_hal_lib.a(stm32f4xx_hal_spi.o)
 .debug_frame   0x0000000000002050       0x2c /Applications/Ac6/SystemWorkbench.app/Contents/Eclipse/plugins/fr.ac6.mcu.externaltools.arm-none.macos64_1.6.0.201601291255/tools/compiler/bin/../lib/gcc/arm-none-eabi/5.2.1/../../../../arm-none-eabi/lib/armv7e-m/fpu/libc.a(lib_a-init.o)
 .debug_frame   0x000000000000207c       0x50 /Applications/Ac6/SystemWorkbench.app/Contents/Eclipse/plugins/fr.ac6.mcu.externaltools.arm-none.macos64_1.6.0.201601291255/tools/compiler/bin/../lib/gcc/arm-none-eabi/5.2.1/../../../../arm-none-eabi/lib/armv7e-m/fpu/libc.a(lib_a-__call_atexit.o)
 .debug_frame   0x00000000000020cc       0x20 /Applications/Ac6/SystemWorkbench.app/Contents/Eclipse/plugins/fr.ac6.mcu.externaltools.arm-none.macos64_1.6.0.201601291255/tools/compiler/bin/../lib/gcc/arm-none-eabi/5.2.1/../../../../arm-none-eabi/lib/armv7e-m/fpu/libc.a(lib_a-atexit.o)
 .debug_frame   0x00000000000020ec       0x34 /Applications/Ac6/SystemWorkbench.app/Contents/Eclipse/plugins/fr.ac6.mcu.externaltools.arm-none.macos64_1.6.0.201601291255/tools/compiler/bin/../lib/gcc/arm-none-eabi/5.2.1/../../../../arm-none-eabi/lib/armv7e-m/fpu/libc.a(lib_a-fini.o)
 .debug_frame   0x0000000000002120       0x34 /Applications/Ac6/SystemWorkbench.app/Contents/Eclipse/plugins/fr.ac6.mcu.externaltools.arm-none.macos64_1.6.0.201601291255/tools/compiler/bin/../lib/gcc/arm-none-eabi/5.2.1/../../../../arm-none-eabi/lib/armv7e-m/fpu/libc.a(lib_a-__atexit.o)
